---
source: tests/core_format_list.rs
expression: out
---
  Branch                       Status     HEAD±    main↕  CI  Path                                      URL     Commit    Age  Message                             Summary
@ default                          ^|                         .                                                 5f1e03db  9h   fix(deps): bump runtime             
+ feat-onboarding-pr7-drawing  +!?✘↑   +4K -379  ↑10 ↓44      ./.worktrees/feat-onboarding-pr7-drawing  :10245  bd64221b  2w   feat(site-marketing): drawing tool  
+ feat-add-site-onboarding-3   +! ✘↕|   +117 -3  ↑31 ↓98      ./.worktrees/feat-add-site-onboarding-3   :16998  96cace1c  1mo  fix: unreachable                    

○ Showing 3 worktrees, 2 with changes, 2 ahead
